// Jest Snapshot v1, https://goo.gl/fbAQLP

exports[`renders correctly 1`] = `
<div
  className="dark:text-white"
>
  <label
    className="mb-2 block text-sm font-medium"
    htmlFor="test"
  >
    Some Label
  </label>
  <input
    className="block h-11 w-full rounded-lg border border-neutral-500 bg-neutral-100 p-2.5 text-sm placeholder-neutral-500 focus:border-primary-500 focus:outline-none aria-[invalid=true]:border-red-400 dark:border-neutral-400-dark dark:bg-neutral-50-dark dark:focus:border-primary-300 aria-[invalid=true]:dark:border-red-400"
    id="test"
  />
</div>
`;
